shape: (35, 6)
┌───────────┬─────────────┬───────────────────┬──────────────────┬──────────────────┬──────────────┐
│ symbol    ┆ infer_point ┆ max_decimals_2019 ┆ median_spread_pt ┆ median_spread_pr ┆ median_close │
│ ---       ┆ ---         ┆ _06               ┆ s                ┆ ice              ┆ ---          │
│ str       ┆ f64         ┆ ---               ┆ ---              ┆ ---              ┆ f64          │
│           ┆             ┆ i64               ┆ f64              ┆ f64              ┆              │
╞═══════════╪═════════════╪═══════════════════╪══════════════════╪══════════════════╪══════════════╡
│ BTCUSD    ┆ 0.01        ┆ 2                 ┆ 5645.0           ┆ 56.45            ┆ 8814.64      │
│ ETHUSD    ┆ 0.01        ┆ 2                 ┆ 337.0            ┆ 3.37             ┆ 266.2        │
│ LTCUSD    ┆ 0.001       ┆ 3                 ┆ 1365.0           ┆ 1.365            ┆ 130.339      │
│ AUDCAD    ┆ 0.00001     ┆ 5                 ┆ 16.0             ┆ 0.00016          ┆ 0.92038      │
│ AUDCHF    ┆ 0.00001     ┆ 5                 ┆ 16.0             ┆ 0.00016          ┆ 0.68677      │
│ AUDJPY    ┆ 0.001       ┆ 3                 ┆ 15.0             ┆ 0.015            ┆ 75.179       │
│ AUDNZD    ┆ 0.00001     ┆ 5                 ┆ 15.0             ┆ 0.00015          ┆ 1.05278      │
│ AUDUSD    ┆ 0.00001     ┆ 5                 ┆ 14.0             ┆ 0.00014          ┆ 0.69575      │
│ CADCHF    ┆ 0.00001     ┆ 5                 ┆ 21.0             ┆ 0.00021          ┆ 0.74468      │
│ CADJPY    ┆ 0.001       ┆ 3                 ┆ 19.0             ┆ 0.019            ┆ 81.308       │
│ CHFJPY    ┆ 0.001       ┆ 3                 ┆ 19.0             ┆ 0.019            ┆ 109.267      │
│ EURAUD    ┆ 0.00001     ┆ 5                 ┆ 16.0             ┆ 0.00016          ┆ 1.628        │
│ EURCAD    ┆ 0.00001     ┆ 5                 ┆ 17.0             ┆ 0.00017          ┆ 1.50238      │
│ EURCHF    ┆ 0.00001     ┆ 5                 ┆ 14.0             ┆ 0.00014          ┆ 1.11707      │
│ EURGBP    ┆ 0.00001     ┆ 5                 ┆ 22.0             ┆ 0.00022          ┆ 0.89046      │
│ EURJPY    ┆ 0.001       ┆ 3                 ┆ 20.0             ┆ 0.02             ┆ 122.062      │
│ EURNZD    ┆ 0.00001     ┆ 5                 ┆ 33.0             ┆ 0.00033          ┆ 1.71357      │
│ EURUSD    ┆ 0.00001     ┆ 5                 ┆ 9.0              ┆ 0.00009          ┆ 1.12927      │
│ GBPAUD    ┆ 0.00001     ┆ 5                 ┆ 37.0             ┆ 0.00037          ┆ 1.82574      │
│ GBPCAD    ┆ 0.00001     ┆ 5                 ┆ 70.0             ┆ 0.0007           ┆ 1.68391      │
│ GBPCHF    ┆ 0.00001     ┆ 5                 ┆ 35.0             ┆ 0.00035          ┆ 1.25671      │
│ GBPJPY    ┆ 0.001       ┆ 3                 ┆ 36.0             ┆ 0.036            ┆ 136.842      │
│ GBPNZD    ┆ 0.00001     ┆ 5                 ┆ 62.0             ┆ 0.00062          ┆ 1.92319      │
│ GBPUSD    ┆ 0.00001     ┆ 5                 ┆ 14.0             ┆ 0.00014          ┆ 1.26871      │
│ NZDCAD    ┆ 0.00001     ┆ 5                 ┆ 20.0             ┆ 0.0002           ┆ 0.8756       │
│ NZDCHF    ┆ 0.00001     ┆ 5                 ┆ 21.0             ┆ 0.00021          ┆ 0.65304      │
│ NZDJPY    ┆ 0.001       ┆ 3                 ┆ 32.0             ┆ 0.032            ┆ 71.215       │
│ NZDUSD    ┆ 0.00001     ┆ 5                 ┆ 17.0             ┆ 0.00017          ┆ 0.65939      │
│ Palladium ┆ 0.01        ┆ 2                 ┆ 680.0            ┆ 6.8              ┆ 1458.83      │
│ Platinum  ┆ 0.01        ┆ 2                 ┆ 150.0            ┆ 1.5              ┆ 808.53       │
│ USDCAD    ┆ 0.00001     ┆ 5                 ┆ 24.0             ┆ 0.00024          ┆ 1.32956      │
│ USDCHF    ┆ 0.00001     ┆ 5                 ┆ 14.0             ┆ 0.00014          ┆ 0.99169      │
│ USDJPY    ┆ 0.001       ┆ 3                 ┆ 21.0             ┆ 0.021            ┆ 108.219      │
│ XAGUSD    ┆ 0.001       ┆ 3                 ┆ 18.0             ┆ 0.018            ┆ 14.922       │
│ XAUUSD    ┆ 0.01        ┆ 2                 ┆ 40.0             ┆ 0.4              ┆ 1341.54      │
└───────────┴─────────────┴───────────────────┴──────────────────┴──────────────────┴──────────────┘
EURUSD median M1 spread by server hour: {0: 23.0, 1: 9.0, 2: 9.0, 3: 9.0, 4: 9.0, 5: 9.0, 6: 9.0, 7: 9.0, 8: 9.0, 9: 8.0, 10: 8.0, 11: 8.0, 12: 8.0, 13: 8.0, 14: 8.0, 15: 8.0, 16: 8.0, 17: 8.0, 18: 8.0, 19: 8.0, 20: 8.0, 21: 8.0, 22: 9.0, 23: 10.0}
EURUSD median spread of the :00 M1 bar (= H1 bar spread): {0: 25.0, 1: 10.0, 2: 9.0, 3: 9.0, 4: 8.0, 5: 9.0, 6: 9.0, 7: 9.0, 8: 8.0, 9: 9.0, 10: 9.0, 11: 9.0, 12: 8.0, 13: 8.0, 14: 8.0, 15: 8.0, 16: 8.0, 17: 8.0, 18: 8.0, 19: 8.0, 20: 9.0, 21: 8.0, 22: 8.0, 23: 10.0}
EURUSD D1 bar spread (first M1 of day) median: 26.0 vs all-M1 median 9.0
XAUUSD median M1 spread by server hour: {0: 36.0, 1: 44.0, 2: 41.0, 3: 39.0, 4: 40.0, 5: 39.0, 6: 40.0, 7: 40.0, 8: 38.0, 9: 37.0, 10: 37.0, 11: 37.0, 12: 37.0, 13: 37.0, 14: 37.0, 15: 37.0, 16: 37.0, 17: 37.0, 18: 37.0, 19: 37.0, 20: 38.0, 21: 38.0, 22: 38.0, 23: 40.0}
XAUUSD median spread of the :00 M1 bar (= H1 bar spread): {0: 35.0, 1: 49.0, 2: 42.0, 3: 38.0, 4: 38.0, 5: 39.0, 6: 39.0, 7: 38.0, 8: 38.0, 9: 38.0, 10: 37.0, 11: 37.0, 12: 37.0, 13: 37.0, 14: 37.0, 15: 37.0, 16: 37.0, 17: 37.0, 18: 37.0, 19: 37.0, 20: 38.0, 21: 38.0, 22: 38.0, 23: 39.0}
XAUUSD D1 bar spread (first M1 of day) median: 49.0 vs all-M1 median 38.0
USDJPY median M1 spread by server hour: {0: 36.0, 1: 22.0, 2: 22.0, 3: 21.0, 4: 21.0, 5: 21.0, 6: 21.0, 7: 21.0, 8: 21.0, 9: 21.0, 10: 21.0, 11: 21.0, 12: 21.0, 13: 21.0, 14: 21.0, 15: 21.0, 16: 21.0, 17: 21.0, 18: 21.0, 19: 21.0, 20: 21.0, 21: 21.0, 22: 22.0, 23: 23.0}
USDJPY median spread of the :00 M1 bar (= H1 bar spread): {0: 44.0, 1: 24.0, 2: 22.0, 3: 22.0, 4: 21.0, 5: 21.0, 6: 21.0, 7: 21.0, 8: 21.0, 9: 21.0, 10: 21.0, 11: 21.0, 12: 21.0, 13: 21.0, 14: 21.0, 15: 21.0, 16: 21.0, 17: 21.0, 18: 21.0, 19: 21.0, 20: 21.0, 21: 21.0, 22: 22.0, 23: 22.0}
USDJPY D1 bar spread (first M1 of day) median: 46.0 vs all-M1 median 22.0
