spec: InstrumentSpec(symbol='EURUSD', digits=5, point=1e-05, contract_size=100000.0, tick_size=1e-05, volume_min=0.01, volume_step=0.01, volume_max=500.0, base_ccy='EUR', quote_ccy='USD', swap_mode='points', swap_long=0.0, swap_short=0.0, swap_3day=2, commission_per_lot_rt=0.0, stops_level=0.0, calibrated=False)

=== far_target=False: trades no-m1=143 m1=143
no-m1 [{'direction': -1, 'exit_reason': 'gap_target', 'len': 67, 'pnl_points': -716.0, 'same_bar': 67}, {'direction': -1, 'exit_reason': 'stop', 'len': 4, 'pnl_points': -691.4, 'same_bar': 4}, {'direction': 1, 'exit_reason': 'eod', 'len': 1, 'pnl_points': 1215.0, 'same_bar': 0}, {'direction': 1, 'exit_reason': 'signal', 'len': 26, 'pnl_points': 5475.0, 'same_bar': 0}, {'direction': 1, 'exit_reason': 'stop', 'len': 45, 'pnl_points': -8292.6, 'same_bar': 6}]
m1 [{'direction': -1, 'exit_reason': 'gap_target', 'len': 71, 'pnl_points': -755.0, 'same_bar': 71}, {'direction': 1, 'exit_reason': 'eod', 'len': 1, 'pnl_points': 1215.0, 'same_bar': 0}, {'direction': 1, 'exit_reason': 'signal', 'len': 26, 'pnl_points': 5475.0, 'same_bar': 0}, {'direction': 1, 'exit_reason': 'stop', 'len': 45, 'pnl_points': -8292.6, 'same_bar': 6}]

=== far_target=True: trades no-m1=143 m1=143
no-m1 [{'direction': -1, 'exit_reason': 'signal', 'len': 30, 'pnl_points': 7767.0, 'same_bar': 0}, {'direction': -1, 'exit_reason': 'stop', 'len': 41, 'pnl_points': -8388.6, 'same_bar': 4}, {'direction': 1, 'exit_reason': 'eod', 'len': 1, 'pnl_points': 1215.0, 'same_bar': 0}, {'direction': 1, 'exit_reason': 'signal', 'len': 26, 'pnl_points': 5475.0, 'same_bar': 0}, {'direction': 1, 'exit_reason': 'stop', 'len': 45, 'pnl_points': -8292.6, 'same_bar': 6}]
m1 [{'direction': -1, 'exit_reason': 'signal', 'len': 30, 'pnl_points': 7767.0, 'same_bar': 0}, {'direction': -1, 'exit_reason': 'stop', 'len': 41, 'pnl_points': -8388.6, 'same_bar': 4}, {'direction': 1, 'exit_reason': 'eod', 'len': 1, 'pnl_points': 1215.0, 'same_bar': 0}, {'direction': 1, 'exit_reason': 'signal', 'len': 26, 'pnl_points': 5475.0, 'same_bar': 0}, {'direction': 1, 'exit_reason': 'stop', 'len': 45, 'pnl_points': -8292.6, 'same_bar': 6}]
trades differing between no-m1 and m1:
shape: (0, 8)
┌──────────────┬──────────────┬─────┬─────┬────────────────┬──────────────┬─────┬─────┐
│ entry_ts     ┆ x0           ┆ r0  ┆ p0  ┆ entry_ts_right ┆ x1           ┆ r1  ┆ p1  │
│ ---          ┆ ---          ┆ --- ┆ --- ┆ ---            ┆ ---          ┆ --- ┆ --- │
│ datetime[μs] ┆ datetime[μs] ┆ str ┆ f64 ┆ datetime[μs]   ┆ datetime[μs] ┆ str ┆ f64 │
╞══════════════╪══════════════╪═════╪═════╪════════════════╪══════════════╪═════╪═════╡
└──────────────┴──────────────┴─────┴─────┴────────────────┴──────────────┴─────┴─────┘
shape: (40, 12)
┌─────────────────────┬─────────────────────┬───────────┬─────────────┬────────────┬────────────┬─────────────┬─────────────┬────────────────────┬────────────┬────────────┬────────┐
│ entry_ts            ┆ exit_ts             ┆ direction ┆ entry_price ┆ exit_price ┆ stop_price ┆ exit_reason ┆ pnl_points  ┆ spread_cost_points ┆ mae_points ┆ mfe_points ┆ nights │
│ ---                 ┆ ---                 ┆ ---       ┆ ---         ┆ ---        ┆ ---        ┆ ---         ┆ ---         ┆ ---                ┆ ---        ┆ ---        ┆ ---    │
│ datetime[μs]        ┆ datetime[μs]        ┆ i8        ┆ f64         ┆ f64        ┆ f64        ┆ str         ┆ f64         ┆ f64                ┆ f64        ┆ f64        ┆ i64    │
╞═════════════════════╪═════════════════════╪═══════════╪═════════════╪════════════╪════════════╪═════════════╪═════════════╪════════════════════╪════════════╪════════════╪════════╡
│ 2019-01-04 07:00:00 ┆ 2019-01-04 15:00:00 ┆ 1         ┆ 1.13935     ┆ 1.136367   ┆ 1.136367   ┆ stop        ┆ -298.285714 ┆ 9.0                ┆ 333.0      ┆ 245.0      ┆ 0      │
│ 2019-01-09 02:00:00 ┆ 2019-01-09 16:00:00 ┆ -1        ┆ 1.14567     ┆ 1.1489     ┆ 1.1489     ┆ stop        ┆ -323.0      ┆ 9.0                ┆ 687.0      ┆ 187.0      ┆ 0      │
│ 2019-01-09 17:00:00 ┆ 2019-01-10 20:00:00 ┆ 1         ┆ 1.15248     ┆ 1.149057   ┆ 1.149057   ┆ stop        ┆ -342.285714 ┆ 9.0                ┆ 410.0      ┆ 449.0      ┆ 1      │
│ 2019-01-11 09:00:00 ┆ 2019-01-18 15:00:00 ┆ -1        ┆ 1.15219     ┆ 1.14023    ┆ 1.154513   ┆ signal      ┆ 1196.0      ┆ 9.0                ┆ 179.0      ┆ 1537.0     ┆ 5      │
│ 2019-01-18 15:00:00 ┆ 2019-01-18 16:00:00 ┆ 1         ┆ 1.14023     ┆ 1.138673   ┆ 1.138673   ┆ stop        ┆ -155.714286 ┆ 9.0                ┆ 301.0      ┆ 27.0       ┆ 0      │
│ 2019-01-18 18:00:00 ┆ 2019-01-21 09:00:00 ┆ -1        ┆ 1.13653     ┆ 1.138641   ┆ 1.138641   ┆ stop        ┆ -211.142857 ┆ 9.0                ┆ 243.0      ┆ 140.0      ┆ 1      │
│ 2019-01-23 14:00:00 ┆ 2019-01-23 15:00:00 ┆ 1         ┆ 1.13642     ┆ 1.135057   ┆ 1.135057   ┆ stop        ┆ -136.285714 ┆ 9.0                ┆ 157.0      ┆ 40.0       ┆ 0      │
│ 2019-01-24 20:00:00 ┆ 2019-01-25 13:00:00 ┆ -1        ┆ 1.1297      ┆ 1.134426   ┆ 1.134426   ┆ stop        ┆ -472.571429 ┆ 9.0                ┆ 510.0      ┆ 96.0       ┆ 1      │
│ 2019-01-25 23:00:00 ┆ 2019-02-01 07:00:00 ┆ 1         ┆ 1.14156     ┆ 1.14412    ┆ 1.138456   ┆ signal      ┆ 256.0       ┆ 17.0               ┆ 259.0      ┆ 985.0      ┆ 5      │
│ 2019-02-01 07:00:00 ┆ 2019-02-01 11:00:00 ┆ -1        ┆ 1.14412     ┆ 1.146116   ┆ 1.146116   ┆ stop        ┆ -199.571429 ┆ 9.0                ┆ 258.0      ┆ 79.0       ┆ 0      │
│ 2019-02-13 02:00:00 ┆ 2019-02-13 14:00:00 ┆ 1         ┆ 1.13332     ┆ 1.130926   ┆ 1.130926   ┆ stop        ┆ -239.428571 ┆ 9.0                ┆ 300.0      ┆ 67.0       ┆ 0      │
│ 2019-02-14 02:00:00 ┆ 2019-02-14 09:00:00 ┆ -1        ┆ 1.12631     ┆ 1.129133   ┆ 1.129133   ┆ stop        ┆ -282.285714 ┆ 9.0                ┆ 302.0      ┆ 39.0       ┆ 0      │
│ 2019-02-15 09:00:00 ┆ 2019-02-15 09:00:00 ┆ 1         ┆ 1.12885     ┆ 1.127587   ┆ 1.127587   ┆ stop        ┆ -126.285714 ┆ 9.0                ┆ 185.0      ┆ 13.0       ┆ 0      │
│ 2019-02-18 00:00:00 ┆ 2019-02-18 04:00:00 ┆ -1        ┆ 1.12887     ┆ 1.132169   ┆ 1.132169   ┆ stop        ┆ -329.857143 ┆ 9.0                ┆ 346.0      ┆ 18.0       ┆ 0      │
│ 2019-02-18 06:00:00 ┆ 2019-02-19 13:00:00 ┆ 1         ┆ 1.13168     ┆ 1.128967   ┆ 1.128967   ┆ stop        ┆ -271.285714 ┆ 9.0                ┆ 429.0      ┆ 155.0      ┆ 1      │
│ 2019-02-19 19:00:00 ┆ 2019-02-19 20:00:00 ┆ -1        ┆ 1.13274     ┆ 1.13486    ┆ 1.13608    ┆ signal      ┆ -212.0      ┆ 9.0                ┆ 299.0      ┆ 71.0       ┆ 0      │
│ 2019-02-19 20:00:00 ┆ 2019-02-21 18:00:00 ┆ 1         ┆ 1.13486     ┆ 1.13469    ┆ 1.131126   ┆ signal      ┆ -17.0       ┆ 9.0                ┆ 304.0      ┆ 223.0      ┆ 2      │
│ 2019-02-21 18:00:00 ┆ 2019-02-25 11:00:00 ┆ -1        ┆ 1.13469     ┆ 1.13448    ┆ 1.138037   ┆ signal      ┆ 21.0        ┆ 9.0                ┆ 112.0      ┆ 315.0      ┆ 2      │
│ 2019-02-25 11:00:00 ┆ 2019-02-28 10:00:00 ┆ 1         ┆ 1.13448     ┆ 1.13803    ┆ 1.132864   ┆ signal      ┆ 355.0       ┆ 9.0                ┆ 90.0       ┆ 580.0      ┆ 3      │
│ 2019-02-28 10:00:00 ┆ 2019-02-28 11:00:00 ┆ -1        ┆ 1.13803     ┆ 1.139374   ┆ 1.139374   ┆ stop        ┆ -134.428571 ┆ 9.0                ┆ 126.0      ┆ 4.0        ┆ 0      │
│ 2019-02-28 16:00:00 ┆ 2019-02-28 17:00:00 ┆ 1         ┆ 1.13863     ┆ 1.136416   ┆ 1.136416   ┆ stop        ┆ -221.428571 ┆ 9.0                ┆ 279.0      ┆ 80.0       ┆ 0      │
│ 2019-03-01 09:00:00 ┆ 2019-03-01 12:00:00 ┆ -1        ┆ 1.13618     ┆ 1.137644   ┆ 1.137644   ┆ stop        ┆ -146.428571 ┆ 9.0                ┆ 147.0      ┆ 92.0       ┆ 0      │
│ 2019-03-07 12:00:00 ┆ 2019-03-07 14:00:00 ┆ 1         ┆ 1.13086     ┆ 1.129704   ┆ 1.129704   ┆ stop        ┆ -115.571429 ┆ 9.0                ┆ 354.0      ┆ 104.0      ┆ 0      │
│ 2019-03-07 16:00:00 ┆ 2019-03-11 10:00:00 ┆ -1        ┆ 1.12587     ┆ 1.12482    ┆ 1.128049   ┆ signal      ┆ 105.0       ┆ 9.0                ┆ 1.0        ┆ 842.0      ┆ 2      │
│ 2019-03-11 10:00:00 ┆ 2019-03-11 12:00:00 ┆ 1         ┆ 1.12482     ┆ 1.123556   ┆ 1.123556   ┆ stop        ┆ -126.428571 ┆ 9.0                ┆ 137.0      ┆ 88.0       ┆ 0      │
│ 2019-03-15 04:00:00 ┆ 2019-03-15 05:00:00 ┆ -1        ┆ 1.13095     ┆ 1.132641   ┆ 1.132641   ┆ stop        ┆ -169.142857 ┆ 9.0                ┆ 173.0      ┆ 1.0        ┆ 0      │
│ 2019-03-15 17:00:00 ┆ 2019-03-22 04:00:00 ┆ 1         ┆ 1.13363     ┆ 1.13756    ┆ 1.131281   ┆ signal      ┆ 393.0       ┆ 9.0                ┆ 223.0      ┆ 1122.0     ┆ 5      │
│ 2019-03-22 04:00:00 ┆ 2019-03-26 07:00:00 ┆ -1        ┆ 1.13756     ┆ 1.13108    ┆ 1.140396   ┆ signal      ┆ 648.0       ┆ 9.0                ┆ 150.0      ┆ 1039.0     ┆ 2      │
│ 2019-03-26 07:00:00 ┆ 2019-03-26 14:00:00 ┆ 1         ┆ 1.13108     ┆ 1.129584   ┆ 1.129584   ┆ stop        ┆ -149.571429 ┆ 9.0                ┆ 274.0      ┆ 146.0      ┆ 0      │
│ 2019-03-26 21:00:00 ┆ 2019-04-01 16:00:00 ┆ -1        ┆ 1.12758     ┆ 1.12336    ┆ 1.130327   ┆ signal      ┆ 422.0       ┆ 9.0                ┆ 83.0       ┆ 679.0      ┆ 4      │
│ 2019-04-01 16:00:00 ┆ 2019-04-01 17:00:00 ┆ 1         ┆ 1.12336     ┆ 1.121511   ┆ 1.121511   ┆ stop        ┆ -184.857143 ┆ 9.0                ┆ 237.0      ┆ 99.0       ┆ 0      │
│ 2019-04-02 01:00:00 ┆ 2019-04-03 04:00:00 ┆ -1        ┆ 1.12013     ┆ 1.122467   ┆ 1.122467   ┆ stop        ┆ -233.714286 ┆ 9.0                ┆ 234.0      ┆ 198.0      ┆ 1      │
│ 2019-04-03 13:00:00 ┆ 2019-04-03 16:00:00 ┆ 1         ┆ 1.12471     ┆ 1.12278    ┆ 1.12278    ┆ stop        ┆ -193.0      ┆ 9.0                ┆ 212.0      ┆ 16.0       ┆ 0      │
│ 2019-04-05 00:00:00 ┆ 2019-04-05 09:00:00 ┆ -1        ┆ 1.12144     ┆ 1.123331   ┆ 1.123331   ┆ stop        ┆ -189.142857 ┆ 11.0               ┆ 202.0      ┆ 0.0        ┆ 0      │
│ 2019-04-08 15:00:00 ┆ 2019-04-10 16:00:00 ┆ 1         ┆ 1.12462     ┆ 1.12545    ┆ 1.123214   ┆ signal      ┆ 83.0        ┆ 11.0               ┆ 50.0       ┆ 405.0      ┆ 2      │
│ 2019-04-10 16:00:00 ┆ 2019-04-10 19:00:00 ┆ -1        ┆ 1.12545     ┆ 1.127339   ┆ 1.127339   ┆ stop        ┆ -188.857143 ┆ 11.0               ┆ 225.0      ┆ 268.0      ┆ 0      │
│ 2019-04-11 02:00:00 ┆ 2019-04-11 20:00:00 ┆ 1         ┆ 1.12759     ┆ 1.125006   ┆ 1.125006   ┆ stop        ┆ -258.428571 ┆ 11.0               ┆ 277.0      ┆ 103.0      ┆ 0      │
│ 2019-04-12 03:00:00 ┆ 2019-04-12 03:00:00 ┆ -1        ┆ 1.12587     ┆ 1.127866   ┆ 1.127866   ┆ stop        ┆ -199.571429 ┆ 11.0               ┆ 317.0      ┆ 32.0       ┆ 0      │
│ 2019-04-12 12:00:00 ┆ 2019-04-16 08:00:00 ┆ 1         ┆ 1.13064     ┆ 1.13031    ┆ 1.12865    ┆ signal      ┆ -33.0       ┆ 11.0               ┆ 151.0      ┆ 174.0      ┆ 2      │
│ 2019-04-16 08:00:00 ┆ 2019-04-17 10:00:00 ┆ -1        ┆ 1.13031     ┆ 1.131519   ┆ 1.131519   ┆ stop        ┆ -120.857143 ┆ 9.0                ┆ 206.0      ┆ 253.0      ┆ 1      │
└─────────────────────┴─────────────────────┴───────────┴─────────────┴────────────┴────────────┴─────────────┴─────────────┴────────────────────┴────────────┴────────────┴────────┘
