dead_from=0.45 H=3.0 seed=0 verdict=PASS       DSR=1.000 PBO=0.07 OOS=1.84 stress=1.46 plateau=1.00 posY=0.80 maxY=0.35 trades=PASS | WFO OOS Sharpe 2019+ = 1.27 | not-pass=[]
dead_from=0.45 H=3.0 seed=1 verdict=FAIL       DSR=0.858 PBO=0.34 OOS=0.69 stress=0.61 plateau=1.00 posY=0.80 maxY=0.32 trades=PASS | WFO OOS Sharpe 2019+ = -0.13 | not-pass=['dsr', 'pbo', 'oos_sharpe']
dead_from=0.45 H=3.0 seed=2 verdict=PASS       DSR=0.999 PBO=0.06 OOS=1.33 stress=1.11 plateau=0.75 posY=0.90 maxY=0.27 trades=PASS | WFO OOS Sharpe 2019+ = 1.38 | not-pass=[]
dead_from=0.45 H=3.0 seed=3 verdict=FAIL       DSR=0.719 PBO=0.29 OOS=0.64 stress=0.48 plateau=1.00 posY=0.80 maxY=0.24 trades=PASS | WFO OOS Sharpe 2019+ = -0.04 | not-pass=['dsr', 'oos_sharpe', 'cost_stress_sharpe']
dead_from=0.45 H=3.0 seed=4 verdict=FAIL       DSR=0.944 PBO=0.15 OOS=0.85 stress=0.52 plateau=0.88 posY=0.70 maxY=0.35 trades=PASS | WFO OOS Sharpe 2019+ = 0.15 | not-pass=['dsr', 'oos_sharpe']
dead_from=0.45 H=3.0 seed=5 verdict=PASS       DSR=0.977 PBO=0.02 OOS=1.60 stress=1.08 plateau=1.00 posY=0.80 maxY=0.33 trades=PASS | WFO OOS Sharpe 2019+ = 0.81 | not-pass=[]
dead_from=0.45 H=3.0 seed=6 verdict=FAIL       DSR=0.994 PBO=0.31 OOS=1.11 stress=0.87 plateau=0.75 posY=0.80 maxY=0.36 trades=PASS | WFO OOS Sharpe 2019+ = 0.45 | not-pass=['pbo']
dead_from=0.45 H=3.0 seed=7 verdict=FAIL       DSR=0.519 PBO=0.05 OOS=0.57 stress=0.43 plateau=0.75 posY=0.70 maxY=0.38 trades=PASS | WFO OOS Sharpe 2019+ = 0.60 | not-pass=['dsr', 'oos_sharpe', 'cost_stress_sharpe']
  => H=3.0: PASS 3/8
dead_from=0.55 H=2.5 seed=0 verdict=PASS       DSR=1.000 PBO=0.07 OOS=1.87 stress=1.49 plateau=1.00 posY=0.80 maxY=0.32 trades=PASS | WFO OOS Sharpe 2019+ = 1.33 | not-pass=[]
dead_from=0.55 H=2.5 seed=1 verdict=FAIL       DSR=0.869 PBO=0.30 OOS=0.90 stress=0.64 plateau=1.00 posY=0.80 maxY=0.26 trades=PASS | WFO OOS Sharpe 2019+ = 0.17 | not-pass=['dsr', 'pbo', 'oos_sharpe']
dead_from=0.55 H=2.5 seed=2 verdict=PASS       DSR=0.999 PBO=0.05 OOS=1.49 stress=1.13 plateau=0.75 posY=0.90 maxY=0.24 trades=PASS | WFO OOS Sharpe 2019+ = 1.61 | not-pass=[]
dead_from=0.55 H=2.5 seed=3 verdict=FAIL       DSR=0.907 PBO=0.26 OOS=0.75 stress=0.75 plateau=1.00 posY=0.70 maxY=0.34 trades=PASS | WFO OOS Sharpe 2019+ = 0.27 | not-pass=['dsr', 'oos_sharpe']
dead_from=0.55 H=2.5 seed=4 verdict=FAIL       DSR=0.950 PBO=0.13 OOS=0.87 stress=0.54 plateau=0.88 posY=0.70 maxY=0.31 trades=PASS | WFO OOS Sharpe 2019+ = 0.31 | not-pass=['dsr', 'oos_sharpe']
dead_from=0.55 H=2.5 seed=5 verdict=PASS       DSR=0.975 PBO=0.02 OOS=1.66 stress=1.11 plateau=1.00 posY=0.90 maxY=0.29 trades=PASS | WFO OOS Sharpe 2019+ = 1.07 | not-pass=[]
dead_from=0.55 H=2.5 seed=6 verdict=PASS       DSR=0.991 PBO=0.27 OOS=1.06 stress=0.89 plateau=0.75 posY=0.80 maxY=0.32 trades=PASS | WFO OOS Sharpe 2019+ = 0.37 | not-pass=[]
dead_from=0.55 H=2.5 seed=7 verdict=FAIL       DSR=0.855 PBO=0.05 OOS=0.87 stress=0.79 plateau=1.00 posY=0.80 maxY=0.37 trades=PASS | WFO OOS Sharpe 2019+ = 0.59 | not-pass=['dsr', 'oos_sharpe']
  => H=2.5: PASS 4/8
dead_from=0.55 H=3.0 seed=0 verdict=PASS       DSR=1.000 PBO=0.03 OOS=2.14 stress=1.76 plateau=1.00 posY=0.80 maxY=0.30 trades=PASS | WFO OOS Sharpe 2019+ = 1.51 | not-pass=[]
dead_from=0.55 H=3.0 seed=1 verdict=FAIL       DSR=0.945 PBO=0.18 OOS=1.08 stress=0.88 plateau=1.00 posY=0.80 maxY=0.25 trades=PASS | WFO OOS Sharpe 2019+ = 0.35 | not-pass=['dsr']
dead_from=0.55 H=3.0 seed=2 verdict=PASS       DSR=1.000 PBO=0.03 OOS=1.76 stress=1.40 plateau=1.00 posY=0.90 maxY=0.23 trades=PASS | WFO OOS Sharpe 2019+ = 1.79 | not-pass=[]
dead_from=0.55 H=3.0 seed=3 verdict=FAIL       DSR=0.959 PBO=0.16 OOS=0.64 stress=0.99 plateau=1.00 posY=0.70 maxY=0.32 trades=PASS | WFO OOS Sharpe 2019+ = 0.33 | not-pass=['oos_sharpe']
dead_from=0.55 H=3.0 seed=4 verdict=PASS       DSR=0.987 PBO=0.07 OOS=1.11 stress=0.78 plateau=0.88 posY=0.70 maxY=0.29 trades=PASS | WFO OOS Sharpe 2019+ = 0.52 | not-pass=[]
dead_from=0.55 H=3.0 seed=5 verdict=PASS       DSR=0.994 PBO=0.01 OOS=1.87 stress=1.39 plateau=1.00 posY=0.90 maxY=0.27 trades=PASS | WFO OOS Sharpe 2019+ = 1.26 | not-pass=[]
dead_from=0.55 H=3.0 seed=6 verdict=PASS       DSR=0.996 PBO=0.16 OOS=1.17 stress=0.99 plateau=1.00 posY=0.80 maxY=0.21 trades=PASS | WFO OOS Sharpe 2019+ = 0.54 | not-pass=[]
dead_from=0.55 H=3.0 seed=7 verdict=FAIL       DSR=0.935 PBO=0.04 OOS=1.17 stress=1.06 plateau=1.00 posY=0.80 maxY=0.34 trades=PASS | WFO OOS Sharpe 2019+ = 1.16 | not-pass=['dsr']
  => H=3.0: PASS 5/8
